#! /usr/local/Cellar/icarus-verilog/13.0/bin/vvp
:ivl_version "13.0 (stable)" "(v13_0)";
:ivl_delay_selection "TYPICAL";
:vpi_time_precision - 12;
:vpi_module "/usr/local/Cellar/icarus-verilog/13.0/lib/ivl/system.vpi";
:vpi_module "/usr/local/Cellar/icarus-verilog/13.0/lib/ivl/vhdl_sys.vpi";
:vpi_module "/usr/local/Cellar/icarus-verilog/13.0/lib/ivl/vhdl_textio.vpi";
:vpi_module "/usr/local/Cellar/icarus-verilog/13.0/lib/ivl/v2005_math.vpi";
:vpi_module "/usr/local/Cellar/icarus-verilog/13.0/lib/ivl/va_math.vpi";
:vpi_module "/usr/local/Cellar/icarus-verilog/13.0/lib/ivl/v2009.vpi";
S_0x7ff00aa045d0 .scope package, "$unit" "$unit" 2 1;
 .timescale 0 0;
S_0x7ff00aa04740 .scope module, "tb_alu" "tb_alu" 3 3;
 .timescale -9 -12;
v0x6000000206c0_0 .var "a", 31 0;
v0x600000020750_0 .var "alu_op", 3 0;
v0x6000000207e0_0 .var "b", 31 0;
v0x600000020870_0 .net "result", 31 0, v0x6000000205a0_0;  1 drivers
v0x600000020900_0 .var/2s "tests_failed", 31 0;
v0x600000020990_0 .var/2s "tests_passed", 31 0;
v0x600000020a20_0 .net "zero", 0 0, L_0x6000003240a0;  1 drivers
S_0x7ff00aa04080 .scope task, "check" "check" 3 22, 3 22 0, S_0x7ff00aa04740;
 .timescale -9 -12;
v0x600000020090_0 .var "expected", 31 0;
v0x600000020120_0 .var "test_a", 31 0;
v0x6000000201b0_0 .var "test_b", 31 0;
v0x600000020240_0 .var/str "test_name";
v0x6000000202d0_0 .var "test_op", 3 0;
TD_tb_alu.check ;
    %load/vec4 v0x600000020120_0;
    %store/vec4 v0x6000000206c0_0, 0, 32;
    %load/vec4 v0x6000000201b0_0;
    %store/vec4 v0x6000000207e0_0, 0, 32;
    %load/vec4 v0x6000000202d0_0;
    %store/vec4 v0x600000020750_0, 0, 4;
    %delay 1000, 0;
    %load/vec4 v0x600000020870_0;
    %load/vec4 v0x600000020090_0;
    %cmp/e;
    %jmp/0xz  T_0.0, 6;
    %vpi_call/w 3 36 "$display", "[PASS] %s", v0x600000020240_0 {0 0 0};
    ; show_stmt_assign_vector: Get l-value for compressed += operand
    %load/vec4 v0x600000020990_0;
    %pushi/vec4 1, 0, 32;
    %add;
    %cast2;
    %store/vec4 v0x600000020990_0, 0, 32;
    %jmp T_0.1;
T_0.0 ;
    %vpi_call/w 3 39 "$display", "[FAIL] %s | a=%h b=%h op=%0d expected=%h got=%h", v0x600000020240_0, v0x6000000206c0_0, v0x6000000207e0_0, v0x600000020750_0, v0x600000020090_0, v0x600000020870_0 {0 0 0};
    ; show_stmt_assign_vector: Get l-value for compressed += operand
    %load/vec4 v0x600000020900_0;
    %pushi/vec4 1, 0, 32;
    %add;
    %cast2;
    %store/vec4 v0x600000020900_0, 0, 32;
T_0.1 ;
    %end;
S_0x7ff00aa041f0 .scope module, "dut" "riscv_alu" 3 14, 4 1 0, S_0x7ff00aa04740;
 .timescale 0 0;
    .port_info 0 /INPUT 32 "a";
    .port_info 1 /INPUT 32 "b";
    .port_info 2 /INPUT 4 "alu_op";
    .port_info 3 /OUTPUT 32 "result";
    .port_info 4 /OUTPUT 1 "zero";
P_0x7ff00aa07810 .param/l "ALU_ADD" 1 4 9, C4<0000>;
P_0x7ff00aa07850 .param/l "ALU_AND" 1 4 11, C4<0010>;
P_0x7ff00aa07890 .param/l "ALU_OR" 1 4 12, C4<0011>;
P_0x7ff00aa078d0 .param/l "ALU_SLL" 1 4 14, C4<0101>;
P_0x7ff00aa07910 .param/l "ALU_SLT" 1 4 17, C4<1000>;
P_0x7ff00aa07950 .param/l "ALU_SLTU" 1 4 18, C4<1001>;
P_0x7ff00aa07990 .param/l "ALU_SRA" 1 4 16, C4<0111>;
P_0x7ff00aa079d0 .param/l "ALU_SRL" 1 4 15, C4<0110>;
P_0x7ff00aa07a10 .param/l "ALU_SUB" 1 4 10, C4<0001>;
P_0x7ff00aa07a50 .param/l "ALU_XOR" 1 4 13, C4<0100>;
L_0x7ff00a963008 .functor BUFT 1, C4<00000000000000000000000000000000>, C4<0>, C4<0>, C4<0>;
v0x600000020360_0 .net/2u *"_ivl_0", 31 0, L_0x7ff00a963008;  1 drivers
v0x6000000203f0_0 .net "a", 31 0, v0x6000000206c0_0;  1 drivers
v0x600000020480_0 .net "alu_op", 3 0, v0x600000020750_0;  1 drivers
v0x600000020510_0 .net "b", 31 0, v0x6000000207e0_0;  1 drivers
v0x6000000205a0_0 .var "result", 31 0;
v0x600000020630_0 .net "zero", 0 0, L_0x6000003240a0;  alias, 1 drivers
E_0x60000272d3c0 .event anyedge, v0x600000020480_0, v0x6000000203f0_0, v0x600000020510_0;
L_0x6000003240a0 .cmp/eq 32, v0x6000000205a0_0, L_0x7ff00a963008;
    .scope S_0x7ff00aa041f0;
T_1 ;
Ewait_0 .event/or E_0x60000272d3c0, E_0x0;
    %wait Ewait_0;
    %load/vec4 v0x600000020480_0;
    %dup/vec4;
    %pushi/vec4 0, 0, 4;
    %cmp/u;
    %jmp/1 T_1.0, 6;
    %dup/vec4;
    %pushi/vec4 1, 0, 4;
    %cmp/u;
    %jmp/1 T_1.1, 6;
    %dup/vec4;
    %pushi/vec4 2, 0, 4;
    %cmp/u;
    %jmp/1 T_1.2, 6;
    %dup/vec4;
    %pushi/vec4 3, 0, 4;
    %cmp/u;
    %jmp/1 T_1.3, 6;
    %dup/vec4;
    %pushi/vec4 4, 0, 4;
    %cmp/u;
    %jmp/1 T_1.4, 6;
    %dup/vec4;
    %pushi/vec4 5, 0, 4;
    %cmp/u;
    %jmp/1 T_1.5, 6;
    %dup/vec4;
    %pushi/vec4 6, 0, 4;
    %cmp/u;
    %jmp/1 T_1.6, 6;
    %dup/vec4;
    %pushi/vec4 7, 0, 4;
    %cmp/u;
    %jmp/1 T_1.7, 6;
    %dup/vec4;
    %pushi/vec4 8, 0, 4;
    %cmp/u;
    %jmp/1 T_1.8, 6;
    %dup/vec4;
    %pushi/vec4 9, 0, 4;
    %cmp/u;
    %jmp/1 T_1.9, 6;
    %pushi/vec4 0, 0, 32;
    %store/vec4 v0x6000000205a0_0, 0, 32;
    %jmp T_1.11;
T_1.0 ;
    %load/vec4 v0x6000000203f0_0;
    %load/vec4 v0x600000020510_0;
    %add;
    %store/vec4 v0x6000000205a0_0, 0, 32;
    %jmp T_1.11;
T_1.1 ;
    %load/vec4 v0x6000000203f0_0;
    %load/vec4 v0x600000020510_0;
    %sub;
    %store/vec4 v0x6000000205a0_0, 0, 32;
    %jmp T_1.11;
T_1.2 ;
    %load/vec4 v0x6000000203f0_0;
    %load/vec4 v0x600000020510_0;
    %and;
    %store/vec4 v0x6000000205a0_0, 0, 32;
    %jmp T_1.11;
T_1.3 ;
    %load/vec4 v0x6000000203f0_0;
    %load/vec4 v0x600000020510_0;
    %or;
    %store/vec4 v0x6000000205a0_0, 0, 32;
    %jmp T_1.11;
T_1.4 ;
    %load/vec4 v0x6000000203f0_0;
    %load/vec4 v0x600000020510_0;
    %xor;
    %store/vec4 v0x6000000205a0_0, 0, 32;
    %jmp T_1.11;
T_1.5 ;
    %load/vec4 v0x6000000203f0_0;
    %load/vec4 v0x600000020510_0;
    %parti/s 5, 0, 2;
    %ix/vec4 4;
    %shiftl 4;
    %store/vec4 v0x6000000205a0_0, 0, 32;
    %jmp T_1.11;
T_1.6 ;
    %load/vec4 v0x6000000203f0_0;
    %load/vec4 v0x600000020510_0;
    %parti/s 5, 0, 2;
    %ix/vec4 4;
    %shiftr 4;
    %store/vec4 v0x6000000205a0_0, 0, 32;
    %jmp T_1.11;
T_1.7 ;
    %load/vec4 v0x6000000203f0_0;
    %load/vec4 v0x600000020510_0;
    %parti/s 5, 0, 2;
    %ix/vec4 4;
    %shiftr/s 4;
    %store/vec4 v0x6000000205a0_0, 0, 32;
    %jmp T_1.11;
T_1.8 ;
    %load/vec4 v0x6000000203f0_0;
    %load/vec4 v0x600000020510_0;
    %cmp/s;
    %flag_mov 8, 5;
    %jmp/0 T_1.12, 8;
    %pushi/vec4 1, 0, 32;
    %jmp/1 T_1.13, 8;
T_1.12 ; End of true expr.
    %pushi/vec4 0, 0, 32;
    %jmp/0 T_1.13, 8;
 ; End of false expr.
    %blend;
T_1.13;
    %store/vec4 v0x6000000205a0_0, 0, 32;
    %jmp T_1.11;
T_1.9 ;
    %load/vec4 v0x6000000203f0_0;
    %load/vec4 v0x600000020510_0;
    %cmp/u;
    %flag_mov 8, 5;
    %jmp/0 T_1.14, 8;
    %pushi/vec4 1, 0, 32;
    %jmp/1 T_1.15, 8;
T_1.14 ; End of true expr.
    %pushi/vec4 0, 0, 32;
    %jmp/0 T_1.15, 8;
 ; End of false expr.
    %blend;
T_1.15;
    %store/vec4 v0x6000000205a0_0, 0, 32;
    %jmp T_1.11;
T_1.11 ;
    %pop/vec4 1;
    %jmp T_1;
    .thread T_1, $push;
    .scope S_0x7ff00aa04740;
T_2 ;
    %pushi/vec4 0, 0, 32;
    %store/vec4 v0x600000020990_0, 0, 32;
    %pushi/vec4 0, 0, 32;
    %store/vec4 v0x600000020900_0, 0, 32;
    %end;
    .thread T_2, $init;
    .scope S_0x7ff00aa04740;
T_3 ;
    %vpi_call/w 3 47 "$dumpfile", "waves/alu.vcd" {0 0 0};
    %vpi_call/w 3 48 "$dumpvars", 32'sb00000000000000000000000000000000, S_0x7ff00aa04740 {0 0 0};
    %vpi_call/w 3 50 "$display", "Starting RISC-V ALU verification..." {0 0 0};
    %pushi/vec4 10, 0, 32;
    %store/vec4 v0x600000020120_0, 0, 32;
    %pushi/vec4 5, 0, 32;
    %store/vec4 v0x6000000201b0_0, 0, 32;
    %pushi/vec4 0, 0, 4;
    %store/vec4 v0x6000000202d0_0, 0, 4;
    %pushi/vec4 15, 0, 32;
    %store/vec4 v0x600000020090_0, 0, 32;
    %pushi/str "ADD basic";
    %store/str v0x600000020240_0;
    %fork TD_tb_alu.check, S_0x7ff00aa04080;
    %join;
    %pushi/vec4 10, 0, 32;
    %store/vec4 v0x600000020120_0, 0, 32;
    %pushi/vec4 5, 0, 32;
    %store/vec4 v0x6000000201b0_0, 0, 32;
    %pushi/vec4 1, 0, 4;
    %store/vec4 v0x6000000202d0_0, 0, 4;
    %pushi/vec4 5, 0, 32;
    %store/vec4 v0x600000020090_0, 0, 32;
    %pushi/str "SUB basic";
    %store/str v0x600000020240_0;
    %fork TD_tb_alu.check, S_0x7ff00aa04080;
    %join;
    %pushi/vec4 61680, 0, 32;
    %store/vec4 v0x600000020120_0, 0, 32;
    %pushi/vec4 4080, 0, 32;
    %store/vec4 v0x6000000201b0_0, 0, 32;
    %pushi/vec4 2, 0, 4;
    %store/vec4 v0x6000000202d0_0, 0, 4;
    %pushi/vec4 240, 0, 32;
    %store/vec4 v0x600000020090_0, 0, 32;
    %pushi/str "AND basic";
    %store/str v0x600000020240_0;
    %fork TD_tb_alu.check, S_0x7ff00aa04080;
    %join;
    %pushi/vec4 61680, 0, 32;
    %store/vec4 v0x600000020120_0, 0, 32;
    %pushi/vec4 4080, 0, 32;
    %store/vec4 v0x6000000201b0_0, 0, 32;
    %pushi/vec4 3, 0, 4;
    %store/vec4 v0x6000000202d0_0, 0, 4;
    %pushi/vec4 65520, 0, 32;
    %store/vec4 v0x600000020090_0, 0, 32;
    %pushi/str "OR basic";
    %store/str v0x600000020240_0;
    %fork TD_tb_alu.check, S_0x7ff00aa04080;
    %join;
    %pushi/vec4 43690, 0, 32;
    %store/vec4 v0x600000020120_0, 0, 32;
    %pushi/vec4 21845, 0, 32;
    %store/vec4 v0x6000000201b0_0, 0, 32;
    %pushi/vec4 4, 0, 4;
    %store/vec4 v0x6000000202d0_0, 0, 4;
    %pushi/vec4 65535, 0, 32;
    %store/vec4 v0x600000020090_0, 0, 32;
    %pushi/str "XOR basic";
    %store/str v0x600000020240_0;
    %fork TD_tb_alu.check, S_0x7ff00aa04080;
    %join;
    %pushi/vec4 1, 0, 32;
    %store/vec4 v0x600000020120_0, 0, 32;
    %pushi/vec4 4, 0, 32;
    %store/vec4 v0x6000000201b0_0, 0, 32;
    %pushi/vec4 5, 0, 4;
    %store/vec4 v0x6000000202d0_0, 0, 4;
    %pushi/vec4 16, 0, 32;
    %store/vec4 v0x600000020090_0, 0, 32;
    %pushi/str "SLL shift left";
    %store/str v0x600000020240_0;
    %fork TD_tb_alu.check, S_0x7ff00aa04080;
    %join;
    %pushi/vec4 16, 0, 32;
    %store/vec4 v0x600000020120_0, 0, 32;
    %pushi/vec4 2, 0, 32;
    %store/vec4 v0x6000000201b0_0, 0, 32;
    %pushi/vec4 6, 0, 4;
    %store/vec4 v0x6000000202d0_0, 0, 4;
    %pushi/vec4 4, 0, 32;
    %store/vec4 v0x600000020090_0, 0, 32;
    %pushi/str "SRL shift right";
    %store/str v0x600000020240_0;
    %fork TD_tb_alu.check, S_0x7ff00aa04080;
    %join;
    %pushi/vec4 2147483648, 0, 32;
    %store/vec4 v0x600000020120_0, 0, 32;
    %pushi/vec4 4, 0, 32;
    %store/vec4 v0x6000000201b0_0, 0, 32;
    %pushi/vec4 7, 0, 4;
    %store/vec4 v0x6000000202d0_0, 0, 4;
    %pushi/vec4 4160749568, 0, 32;
    %store/vec4 v0x600000020090_0, 0, 32;
    %pushi/str "SRA arithmetic shift";
    %store/str v0x600000020240_0;
    %fork TD_tb_alu.check, S_0x7ff00aa04080;
    %join;
    %pushi/vec4 3, 0, 32;
    %store/vec4 v0x600000020120_0, 0, 32;
    %pushi/vec4 7, 0, 32;
    %store/vec4 v0x6000000201b0_0, 0, 32;
    %pushi/vec4 8, 0, 4;
    %store/vec4 v0x6000000202d0_0, 0, 4;
    %pushi/vec4 1, 0, 32;
    %store/vec4 v0x600000020090_0, 0, 32;
    %pushi/str "SLT signed true";
    %store/str v0x600000020240_0;
    %fork TD_tb_alu.check, S_0x7ff00aa04080;
    %join;
    %pushi/vec4 7, 0, 32;
    %store/vec4 v0x600000020120_0, 0, 32;
    %pushi/vec4 3, 0, 32;
    %store/vec4 v0x6000000201b0_0, 0, 32;
    %pushi/vec4 8, 0, 4;
    %store/vec4 v0x6000000202d0_0, 0, 4;
    %pushi/vec4 0, 0, 32;
    %store/vec4 v0x600000020090_0, 0, 32;
    %pushi/str "SLT signed false";
    %store/str v0x600000020240_0;
    %fork TD_tb_alu.check, S_0x7ff00aa04080;
    %join;
    %pushi/vec4 4294967295, 0, 32;
    %store/vec4 v0x600000020120_0, 0, 32;
    %pushi/vec4 1, 0, 32;
    %store/vec4 v0x6000000201b0_0, 0, 32;
    %pushi/vec4 9, 0, 4;
    %store/vec4 v0x6000000202d0_0, 0, 4;
    %pushi/vec4 0, 0, 32;
    %store/vec4 v0x600000020090_0, 0, 32;
    %pushi/str "SLTU unsigned false";
    %store/str v0x600000020240_0;
    %fork TD_tb_alu.check, S_0x7ff00aa04080;
    %join;
    %pushi/vec4 5, 0, 32;
    %store/vec4 v0x600000020120_0, 0, 32;
    %pushi/vec4 5, 0, 32;
    %store/vec4 v0x6000000201b0_0, 0, 32;
    %pushi/vec4 1, 0, 4;
    %store/vec4 v0x6000000202d0_0, 0, 4;
    %pushi/vec4 0, 0, 32;
    %store/vec4 v0x600000020090_0, 0, 32;
    %pushi/str "ZERO flag case";
    %store/str v0x600000020240_0;
    %fork TD_tb_alu.check, S_0x7ff00aa04080;
    %join;
    %load/vec4 v0x600000020a20_0;
    %cmpi/ne 1, 0, 1;
    %jmp/0xz  T_3.0, 6;
    %vpi_call/w 3 69 "$display", "[FAIL] zero flag should be 1" {0 0 0};
    ; show_stmt_assign_vector: Get l-value for compressed += operand
    %load/vec4 v0x600000020900_0;
    %pushi/vec4 1, 0, 32;
    %add;
    %cast2;
    %store/vec4 v0x600000020900_0, 0, 32;
    %jmp T_3.1;
T_3.0 ;
    %vpi_call/w 3 72 "$display", "[PASS] zero flag works" {0 0 0};
    ; show_stmt_assign_vector: Get l-value for compressed += operand
    %load/vec4 v0x600000020990_0;
    %pushi/vec4 1, 0, 32;
    %add;
    %cast2;
    %store/vec4 v0x600000020990_0, 0, 32;
T_3.1 ;
    %vpi_call/w 3 76 "$display", "--------------------------------" {0 0 0};
    %vpi_call/w 3 77 "$display", "Tests passed: %0d", v0x600000020990_0 {0 0 0};
    %vpi_call/w 3 78 "$display", "Tests failed: %0d", v0x600000020900_0 {0 0 0};
    %vpi_call/w 3 79 "$display", "--------------------------------" {0 0 0};
    %load/vec4 v0x600000020900_0;
    %cmpi/e 0, 0, 32;
    %jmp/0xz  T_3.2, 4;
    %vpi_call/w 3 82 "$display", "ALU VERIFICATION PASSED" {0 0 0};
    %jmp T_3.3;
T_3.2 ;
    %vpi_call/w 3 84 "$display", "ALU VERIFICATION FAILED" {0 0 0};
T_3.3 ;
    %vpi_call/w 3 86 "$finish" {0 0 0};
    %end;
    .thread T_3;
# The file index is used to find the file name in the following table.
:file_names 5;
    "N/A";
    "<interactive>";
    "-";
    "tb/tb_alu.sv";
    "rtl/riscv_alu.sv";
